[debug] [2026-07-21T09:24:24.816Z] ----------------------------------------------------------------------
[debug] [2026-07-21T09:24:24.819Z] Command:       C:\Program Files\nodejs\node.exe C:\Users\riana\AppData\Roaming\npm\node_modules\firebase-tools\lib\bin\firebase.js init
[debug] [2026-07-21T09:24:24.820Z] CLI Version:   15.24.0
[debug] [2026-07-21T09:24:24.820Z] Platform:      win32
[debug] [2026-07-21T09:24:24.820Z] Node Version:  v25.8.0
[debug] [2026-07-21T09:24:24.820Z] Detected Agent: unknown
[debug] [2026-07-21T09:24:24.820Z] Time:          Tue Jul 21 2026 16:24:24 GMT+0700 (Western Indonesia Time)
[debug] [2026-07-21T09:24:24.821Z] ----------------------------------------------------------------------
[debug] 
[info] 
     ######## #### ########  ######## ########     ###     ######  ########
     ##        ##  ##     ## ##       ##     ##  ##   ##  ##       ##
     ######    ##  ########  ######   ########  #########  ######  ######
     ##        ##  ##    ##  ##       ##     ## ##     ##       ## ##
     ##       #### ##     ## ######## ########  ##     ##  ######  ########

You're about to initialize a Firebase project in this directory:

  Z:\kelinci\1. Web luna\MyMemories

Before we get started, keep in mind:

  * You are initializing within an existing Firebase project directory

[info] 
=== Project Setup
[info] 
[info] First, let's associate this project directory with a Firebase project.
[info] You can create multiple project aliases by running firebase use --add, 
[info] 
[debug] [2026-07-21T09:25:00.826Z] ExitPromptError: User force closed the prompt with SIGINT
    at Interface.sigint (C:\Users\riana\AppData\Roaming\npm\node_modules\firebase-tools\node_modules\@inquirer\core\dist\commonjs\lib\create-prompt.js:101:37)
    at Interface.emit (node:events:508:20)
    at [_ttyWrite] [as _ttyWrite] (node:internal/readline/interface:1327:18)
    at ReadStream.onkeypress (node:internal/readline/interface:284:20)
    at ReadStream.emit (node:events:520:22)
    at emitKeys (node:internal/readline/utils:371:14)
    at emitKeys.next (<anonymous>)
    at ReadStream.onData (node:internal/readline/emitKeypressEvents:64:36)
    at ReadStream.emit (node:events:508:20)
    at addChunk (node:internal/streams/readable:564:12)
[error] 
[error] Error: An unexpected error has occurred.
